// Jest Snapshot v1, https://goo.gl/fbAQLP

exports[`<Format /> throw error for unknown value 1`] = `[Error: Error parsing value [object Object] in <Format> children]`;
